01:39 .SockMyLemon: yoooo
01:39 ItsWinterBush: yooooooo
01:40 LPXBARNY     : uhhh
01:40 .SockMyLemon : nahhh
01:40 LPXspeedy    : fq
01:40 LPXBARNY     : what
01:41 LPXBARNY     : ga pumatay
01:41 LPXBARNY     : camp natin spawn
01:41 LPXspeedy    : mag java ka kupal
01:41 .SockMyLemon : maya lala
01:41 LPXBARNY     : gimme rank fr
01:42 LPXBARNY     : ma axe
01:42 LPXBARNY     : nooo
01:42 LPXspeedy    : u fatass
01:42 LPXBARNY     : nah
01:42 ItsWinterBush: baka lumulutang na puno jan
01:42 .SockMyLemon : lol
01:42 LPXBARNY     : ksjsnakoala
01:42 LPXBARNY     : hell no
01:42 LPXspeedy    : lol
01:43 LPXspeedy    : this ah spider hurt
01:43 LPXspeedy    : pre owner enge food
01:43 LPXBARNY     : ikr
01:43 LPXspeedy    : walang sell?
01:44 ItsWinterBush: shopkeeper dito hahah
01:44 LPXspeedy    : san
01:44 ItsWinterBush: wala pang shops
01:44 ItsWinterBush: walang nag lalaro ehh
01:44 LPXspeedy    : bruhhhh
01:44 LPXspeedy    : pre
01:44 ItsWinterBush: ohh.
01:45 LPXspeedy    : penge food halfheart nalang ako
01:46 LPXBARNY     : idk how o craft. axe
01:46 LPXspeedy    : kahit sethome ala?
01:46 .SockMyLemon : breh
01:46 ItsWinterBush: bawal floating treee
01:46 LPXBARNY     : pwede
01:46 .SockMyLemon : villages dawgs
01:47 LPXBARNY     : there's no floating tree only leafs
01:47 ItsWinterBush: bruhh wants to get kick
01:48 LPXBARNY     : noo
01:48 ItsWinterBush: cheater
01:48 LPXBARNY     : wym
01:48 ItsWinterBush: long range
01:48 LPXBARNY     : what
01:48 LPXBARNY     : I'm on pojav ofc
01:48 ItsWinterBush: ping difference
01:48 LPXspeedy    : dinga marunong mag hack yan
01:48 LPXBARNY     : ye look at my ping
01:48 LPXBARNY     : holy fps
01:49 LPXBARNY     : can I have food
01:49 LPXBARNY     : bro..
01:49 LPXspeedy    : hell nah
01:49 LPXspeedy    : who have 1iron
01:49 LPXspeedy    : gimme 1fr
01:50 LPXBARNY     : /msg LPXspeedy let's kill this guy 
01:50 ItsWinterBush: i can hear you guys
01:50 LPXBARNY     : breh u cheatin
01:50 LPXspeedy    : he's owner dummass
01:50 LPXBARNY     : idc
01:52 LPXBARNY     : /msg LPXspeedy what we doin let's build a house 
