03:41 DrDiddy   : yoo boyy
03:42 TenzinTheToad: o
03:42 DrDiddy      : gawan ako ng bahay
03:42 TenzinTheToad: ge
03:43 DrDiddy      : cow farm nalang pala
03:45 DrDiddy      : may cobelstone ka?
03:45 DrDiddy      : tnx
04:17 DrDiddy      : akin nalang tong gold horse armor
04:17 TenzinTheToad: ge
04:20 DrDiddy      : astog
04:20 .Smilly5914  : yowwww
04:20 DrDiddy      : hello
04:20 .Smilly5914  : how's it going
04:20 DrDiddy      : ok lang naman
04:21 .Smilly5914  : piano mag claim ng land HEHEH
04:21 DrDiddy      : I dunno
04:21 TenzinTheToad: gold shovel
04:21 .Smilly5914  : ahyy okay.. thankyu
04:23 DrDiddy      : may saddle ka?
04:23 TenzinTheToad: alaws
04:23 DrDiddy      : ahh ok
04:23 TenzinTheToad: craft ka
04:23 DrDiddy      : paano
04:23 TenzinTheToad: 3 leather 1 iron
