08:52 mrxneon   : /msg Gorilla_Anpi пр 
08:52 mrxneon   : пр
08:52 mrxneon   : ты как сюда попал?
08:52 Gorilla_Anpi: можно 2 друзей позову?
08:52 mrxneon     : это не мой серв)
08:53 Gorilla_Anpi: понял
08:53 mrxneon     : /msg Makriy124 пр 
08:53 mrxneon     : /msg mirTIXO пр 
08:54 Gorilla_Anpi: а что это?
08:54 mrxneon     : ?
08:54 Gorilla_Anpi: ну типо это дом?
08:54 mrxneon     : наверное
08:55 mrxneon     :  placed a sign @ BarkadahanSMP: x72, z-83
  hi)
08:56 mrxneon     : /msg mirTIXO пр 
08:56 mrxneon     : /msg Gorilla_Anpi пр 
08:56 Gorilla_Anpi: как шептать?
08:56 Makriy124   : ты про что
08:56 mrxneon     : ,/msg
08:56 mrxneon     : /msg Gorilla_Anpi пр 
08:56 mrxneon     : /msg mirTIXO пр 
08:56 Gorilla_Anpi: /msg mirTIXO в 
08:57 Gorilla_Anpi: вы мододелы?
08:57 mrxneon     : кто?
08:57 Gorilla_Anpi: ну ты
08:57 mrxneon     : нет
08:57 mrxneon     : а с чего ты взял?
08:57 mrxneon     : /msg Makriy124 пр 
08:57 Gorilla_Anpi: у вас модовые жители
08:57 mrxneon     : это не мой серв
08:57 Gorilla_Anpi: а где все постройки?
08:57 mrxneon     : это даже не русский серв
