09:27 .Yhuburat05: tp ka sakin
09:45 .Smilly5914: hello
10:30 .Yhuburat05: hello?
10:31 .Yhuburat05: pa tp jan
10:31 .Smilly5914: yowww saan ka
10:31 .Smilly5914: sige
10:31 .Smilly5914: tpa ka sakin
10:32 .Yhuburat05: d
10:32 .Yhuburat05: waitt
10:33 .Smilly5914: tpa kana hahah
10:33 .Yhuburat05: sa bridge
10:34 .Smilly5914: may leather ka
10:34 .Yhuburat05: Wala eh kaak
10:35 .Smilly5914: ahyyy
10:35 .Yhuburat05: kaka simula ko aplan
10:35 .Yhuburat05: asan ka
10:35 .Smilly5914: tpa ka Kasi sakin
10:35 .Smilly5914: malapit lng ako
10:37 .Yhuburat05: bruh ayW
10:38 .Yhuburat05: coordinate nalang
10:38 .Yhuburat05: uyy
10:38 .Smilly5914: papunta na Ako sayu
10:39 .Yhuburat05: saan kana
10:40 .Yhuburat05: pahingi gamit
10:40 .Smilly5914: base mo to
10:41 .Yhuburat05: hindi
10:41 .Smilly5914: ito lang mabibigay ko sayu
11:59 .Smilly5914: yowww pange leather
12:00 .Smilly5914: uyyy
13:36 justcallmemarc: muted bako
13:36 .winterbush7613: di
